[madappgang.com/getintouch/index.html]
[backblue.gif]
[fade.gif]
[index.html]
[madappgang.com/styles.91eaa1d237e926cae29c.css]
[madappgang.com/static/service_magnus-d8e8d0c38ba6b37e8847cab9a6270cb0.svg]
[madappgang.com/static/kanban-84b33d4d56896e0f0e25185d9e55f6f0.webp]
[madappgang.com/static/kanban-754cbf562d5cc94c9356d844725257e1.png]
[madappgang.com/static/kanban_mobile-a8b8468d96895449a7307b01f7d5c5cb.png]
[madappgang.com/static/kanban_mobile-f84eeef2259c042c4d57e9011ad041e2.webp]
[madappgang.com/static/tretyakovka-739ad99d25ef8bb0e72c05b3a4ed554e.webp]
[madappgang.com/static/kabuni-3b3ac0740d4940f99db4c95290e565e8.webp]
[madappgang.com/static/wallbrand_back-4a43fcb696461e8be10b038a098aba69.webp]
[madappgang.com/static/slap-2ca9f61526ecf1a87c414126ec9add5f.webp]
[madappgang.com/static/securemh-bae5c70fe20537b38e2fc2bfb91e8eb6.webp]
[madappgang.com/static/tretyakovka-e272ec7f076a006f0230643544194303.jpg]
[madappgang.com/static/kabuni-b7ba778b6ee2d69d31ccd744cd6ccd76.jpg]
[madappgang.com/static/wallbrand_back-bfd9fd2ff3f40d1fe961ded5731e692c.jpg]
[madappgang.com/static/slap-2c81aa0d30a7ac9105cc806f329bdf1f.jpg]
[madappgang.com/static/securemh-8c033562b6693b98431659bb690fa09e.jpg]
[madappgang.com/static/atlas_back-fdf96d0b890c0159c13fda551ee9bd28.svg]
[madappgang.com/static/webmoney_back-fdf96d0b890c0159c13fda551ee9bd28.svg]
[madappgang.com/static/getintouch_background-df5789fd2ef610c6ea5dc87aafbdca65.webp]
[madappgang.com/static/getintouch_background-92134c00d1c4818c60fb3827a388fd53.png]
[madappgang.com/static/HelveticaNeue-Regular-1200331f60db05b1234a0749cf564100.woff2]
[madappgang.com/static/HelveticaNeue-Regular-ca4cc14c232382905e0cd561b9c0548d.ttf]
[madappgang.com/static/HelveticaNeue-Regular-7d68fa4f50368f444c5d9e729f8608ef.woff]
[madappgang.com/static/HelveticaNeue-Medium-d4e49d5a84a72aeee0aed36f71fbd13e.woff2]
[madappgang.com/static/HelveticaNeue-Medium-94907f40002d1db11ea9c1ee85a512d2.woff]
[madappgang.com/static/HelveticaNeue-Medium-b855484dd2d96a4c3451c2856138fefe.ttf]
[madappgang.com/static/HelveticaNeue-Bold-ab54e8f0db2ca0312fa5aade503b14bb.woff2]
[madappgang.com/static/HelveticaNeue-Bold-20147fd078dd33e9a81eabb9ef4cce8a.woff]
[madappgang.com/static/HelveticaNeue-Bold-ce019f6ce3b9055ad98cc90225b47953.ttf]
[madappgang.com/static/HelveticaNeue-Italic-1b08df7a444318d60fb0a242790b341c.woff2]
[madappgang.com/static/HelveticaNeue-Italic-fff5356cf80a5fe84934cf179909f17a.woff]
[madappgang.com/static/HelveticaNeue-Italic-1827d96482504028986069bc973def2a.ttf]
[madappgang.com/static/Circe-Regular-60d20f049399d1e46a1339b15a8198aa.woff2]
[madappgang.com/static/Circe-Regular-1ac120476878d44dcfca4ac2c95341cf.woff]
[madappgang.com/static/Circe-Regular-6b7a3a9323249eb6e98d7ea2f8d3cef3.ttf]
[madappgang.com/static/Circe-Bold-d1db4470c6dd8e178558e034b6bd53f2.woff2]
[madappgang.com/static/Circe-Bold-f3cb4a9155dd235d0023cca41532f1bd.woff]
[madappgang.com/static/Circe-Bold-f7ecc5c075545a6d6eba2dae8ca9605b.ttf]
[madappgang.com/static/FiraCode-Regular-7b9f68f8a7aaded04d39c950e5be4589.woff2]
[madappgang.com/static/FiraCode-Regular-6bea93793295136d227fa133079cac72.woff]
[madappgang.com/static/FiraCode-Regular-8e3408d4bbbedb08df718f01129263ed.ttf]
[madappgang.com/sitemap.xml]
[madappgang.com/webpack-runtime-682a08406f4fa03bd97e.js]
[madappgang.com/app-cdcdf1cae762fb975094.js]
[madappgang.com/styles-0c7122e7b8b6f1a9b12d.js]
[madappgang.com/1-b16746602806e0f4d316.js]
[madappgang.com/2-61ea275cd2979eea0670.js]
[madappgang.com/component---src-pages-getintouch-index-js-846e9b52d7a5fdae4553.js]
[madappgang.com/page-data/getintouch/page-data.json]
[madappgang.com/index.html]
[madappgang.com/services/index.html]
[madappgang.com/foundation/philosophy/index.html]
[madappgang.com/experience/index.html]
[madappgang.com/getintouch/index.html]
[madappgang.com/styles.91eaa1d237e926cae29c.css]
[madappgang.com/static/service_magnus-d8e8d0c38ba6b37e8847cab9a6270cb0.svg]
[madappgang.com/static/atlas_back-fdf96d0b890c0159c13fda551ee9bd28.svg]
[madappgang.com/static/webmoney_back-fdf96d0b890c0159c13fda551ee9bd28.svg]
[madappgang.com/team/index.html]
[madappgang.com/3-d1ad5613a0f7f189084b.js]
[madappgang.com/32-fdb3099a9a3bbc5e820e.js]
[madappgang.com/component---src-pages-index-js-752a23ca1a8ad63d728e.js]
[madappgang.com/page-data/index/page-data.json]
[madappgang.com/blog/index.html]
[madappgang.com/web-robot/index.html]
[madappgang.com/static/aa38c519574263a66ab5db21da2db5f8/10f71/front_phones.png]
[madappgang.com/projects/tayble/index.html]
[madappgang.com/static/1218bfad3853182fbe7fd768f11cef5e/f9551/star-icon.png]
[madappgang.com/static/4c111d73771cb5204747616d6c0e5c44/10f71/smartrun_phones_2x.png]
[madappgang.com/static/e7981e6c78247c909e31b72ce3550913/27dda/tretyakovka_logo_2x.png]
[madappgang.com/static/4ec1dfb7b34959997be169c5cea52820/72aac/atlas_phones_2x.png]
[madappgang.com/projects/smartrun/index.html]
[madappgang.com/projects/atlas/index.html]
[madappgang.com/static/87895f3c72b9bf8914b46ccaf6c84396/72aac/webmoney_phones_2x.png]
[madappgang.com/static/e2fa5c537a52ca622aab8d65f54d6b65/dd3ca/client.jpg]
[madappgang.com/projects/webmoney/index.html]
[madappgang.com/static/b9b153e58a3f0036b0374b63f1ad3187/dd3ca/wallbrand.jpg]
[madappgang.com/static/144d4d49a5200565cf6946304ea9c945/dd3ca/heyo.jpg]
[madappgang.com/static/45ac259a7c0dd27007376aea6ce81246/dd3ca/kabuni.jpg]
[madappgang.com/projects/index.html]
[madappgang.com/static/f3759ab1934b180fdb83e58fcb43a9cf/dd3ca/tayble.jpg]
[madappgang.com/services/hero/index.html]
[madappgang.com/services/guru/index.html]
[madappgang.com/services/magnus/index.html]
[madappgang.com/static/aprasolova-5eeaeacd7393b0398ed10560677d09f0.jpg]
[madappgang.com/static/afalileieva-4e7c3c7d2a6deaa6de9eb284bb756651.jpg]
[madappgang.com/services/ninja/index.html]
[madappgang.com/static/divanov-cceada9ab2171a169df1578b521d1af3.jpg]
[madappgang.com/static/dlisitsyn-3c2ed0e42b047266b008670a642bcdaf.jpg]
[madappgang.com/index.html]
[madappgang.com/page-data/services/page-data.json]
[madappgang.com/services/index.html]
[madappgang.com/component---src-pages-services-index-js-09fd3c820c50a324551d.js]
[madappgang.com/page-data/experience/page-data.json]
[madappgang.com/component---src-pages-experience-index-js-5aa4c9fc8f5a148b086a.js]
[madappgang.com/experience/index.html]
[madappgang.com/experience/ourwins/index.html]
[madappgang.com/component---src-pages-foundation-philosophy-index-js-f779340aadf19f53b747.js]
[madappgang.com/page-data/foundation/philosophy/page-data.json]
[madappgang.com/foundation/technology/index.html]
[madappgang.com/static/phrase_1-98760c32d02c191a3947fa5b15d538af.svg]
[madappgang.com/foundation/approach/index.html]
[madappgang.com/static/phrase_2-1e973cc06d81f2673e139278dafe5cbd.svg]
[madappgang.com/foundation/philosophy/index.html]
[madappgang.com/static/phrase_4-e26d45c6b8706724ae2b288cedd16104.svg]
[madappgang.com/component---src-pages-team-index-js-35e1553ff2622f2431a2.js]
[madappgang.com/page-data/team/page-data.json]
[madappgang.com/static/full_team-ac8ce79a78abb9d571328d4536b8507a.svg]
[madappgang.com/static/dprovodnikov-03db359b1a4bca9ad2fa4cf28bc6e8dc.jpg]
[madappgang.com/static/esimonov-55e77c37f0400889f7aacc0cd6259249.jpg]
[madappgang.com/static/jrudenko-cf17b27f4479480ad0738c7694edb993.jpg]
[madappgang.com/static/msalabutin-adfcc08709316d5b4b08d1f3b742b02a.jpg]
[madappgang.com/static/ohmalovichko-992c29379bb840ceb24a14d5c54265b4.jpg]
[madappgang.com/static/okmalovichko-86f308ba351e3b656d0ff21a57d59674.jpg]
[madappgang.com/static/skostanian-0879d7da78078000e5bb2b314c727848.jpg]
[madappgang.com/static/schaban-785f39670ccddbb0c696ece551b4c88d.jpg]
[madappgang.com/static/tsholokh-6551d575b0a4625f0e515cce5a3e2723.jpg]
[madappgang.com/static/ysymonenko-49aa2830577bb80ca9c83c0bc5542da4.jpg]
[madappgang.com/static/yershova-3959f6dcebf1ad5f3131366f4d4cc000.jpg]
[madappgang.com/static/ekelembet-25ff532fabe75ee5eec2ce095a3c246e.jpg]
[madappgang.com/static/toggl-81b46d4a86a3980fb346af5db8fcf09c.svg]
[madappgang.com/static/trello-725f6c98983e5f15cfa258b66be68981.svg]
[madappgang.com/static/slack-bfa4e2166d52d3d7028ee4cb994f6aa8.svg]
[madappgang.com/static/testflight-ee019073c0d3f48f0c7bb8d9d5ac6afb.svg]
[madappgang.com/static/googleplay-93c97bbe7e6a8d3f6018423141261f3a.svg]
[madappgang.com/static/docker-65c06ff12d14e55a058c05bb4c3dcb9c.svg]
[madappgang.com/static/aws-45b48ee23d3050aa72dd3e49a74676b9.svg]
[madappgang.com/static/omniplan-f0cb1eb222bab8d9ef4446fa0019d81d.svg]
[madappgang.com/static/tensorflow-c74cf9bcba828ffacdd4a4ec12a45cb5.svg]
[madappgang.com/static/2aed938d3a5a3669fda94547fa753e3a/f16d2/iphone_products.png]
[madappgang.com/team/index.html]
[madappgang.com/component---src-templates-blog-js-74a730cb7d34c0642d6c.js]
[madappgang.com/page-data/blog/page-data.json]
[madappgang.com/uploads/healthcare-app-design-title-dark.png]
[madappgang.com/uploads/implementing-secure-messaging-in-healthcare-title-dark.png]
[madappgang.com/uploads/cost-of-healthcare-app-development-title-dark.png]
[madappgang.com/blog/implementing-secure-messaging-in-healthcare-best-practices-and-solutions/index.html]
[madappgang.com/uploads/hospital-management-app-development-title-dark.png]
[madappgang.com/blog/best-designed-healthcare-apps/index.html]
[madappgang.com/uploads/medicine-delivery-app-title-dark.png]
[madappgang.com/blog/what-is-the-cost-of-developing-a-healthcare-app/index.html]
[madappgang.com/blog/how-to-develop-a-hospital-management-app/index.html]
[madappgang.com/blog/how-to-develop-a-medicine-delivery-app/index.html]
[madappgang.com/blog/page/2/index.html]
[madappgang.com/blog/page/3/index.html]
[madappgang.com/blog/page/4/index.html]
[madappgang.com/blog/page/5/index.html]
[madappgang.com/blog/page/6/index.html]
[madappgang.com/blog/page/7/index.html]
[madappgang.com/blog/page/8/index.html]
[madappgang.com/blog/index.html]
[madappgang.com/component---src-pages-web-robot-index-js-989ad54f4113f13a8f46.js]
[madappgang.com/blog/page/9/index.html]
[madappgang.com/31-6046b4e642c8c4d51f6a.js]
[madappgang.com/page-data/web-robot/page-data.json]
[madappgang.com/web-robot/index.html]
[madappgang.com/component---src-pages-projects-tayble-index-jsx-59f5b2ead703dd2ba41e.js]
[madappgang.com/page-data/projects/tayble/page-data.json]
[madappgang.com/static/title_dark-1f1a428e4856e3579cb7f18d0e38fcb4.jpg]
[madappgang.com/static/19a8b67ebbb4fb34e583894d5b9818d0/92b76/mvp_screen.jpg]
[madappgang.com/static/title-7545599ad245184ed355e3f9a003aedc.jpg]
[madappgang.com/static/129ecb453d9f431bf6bdb6731e18f159/43d1f/architecture_diagram.jpg]
[madappgang.com/static/5427b1b60a8457384f092e9d976cdc2a/43d1f/pos_screen.jpg]
[madappgang.com/static/0064edfadd4a61e48e6bad7f901aa19b/43d1f/allinonedeivce.jpg]
[madappgang.com/static/2b16f53b378ed6774771ce298f2f8e02/e510e/play_store_review_1.jpg]
[madappgang.com/static/bdf5553b5f4ee9c490d77647a3ac948c/43d1f/play_store_review_2.jpg]
[madappgang.com/static/71067b7b0c22585bf6a6a4c0704e5e30/43d1f/play_store_review_3.jpg]
[madappgang.com/static/7973a234df26de6e4af24758e2c41a74/c8b30/play_store_review_score.jpg]
[madappgang.com/static/05af1fc5756a428903a20faa9f464d24/43d1f/app_store_review_1.jpg]
[madappgang.com/static/ed62e76364d896fa2b7df94157c308a8/43d1f/app_store_review_2.jpg]
[madappgang.com/static/9556e4d09c2b0a95d53fc3314bd66058/43d1f/app_store_review_3.jpg]
[madappgang.com/static/9e1d200d22daf876103f4817b0aa7f0f/2f2ba/IOS_1.png]
[madappgang.com/static/7066bc6e012acc29ce0e627fbbdeea40/2f2ba/IOS_2.png]
[madappgang.com/static/5039c5648b59106147be3ea31d640573/2f2ba/IOS_3.png]
[madappgang.com/static/b3095595048b6e6b4b02840147991e7b/92b76/app_store_chart.jpg]
[madappgang.com/static/6a3b86a34954d1ad4b07f207a754cf62/43d1f/admin_panel.jpg]
[madappgang.com/static/778bf70e473787b48cb36a646db64ece/26a4d/OCR_1.jpg]
[madappgang.com/static/2e803be9c23a83a8b0a7e4327a73f444/26a4d/OCR_2.jpg]
[madappgang.com/static/0a52a922115d2ad3b4b5532c8734f2f7/26a4d/OCR_3.jpg]
[madappgang.com/static/f3759ab1934b180fdb83e58fcb43a9cf/c360f/tayble.jpg]
[madappgang.com/static/intersection_banner-8d69e40747385571bedc7f9e59a7a959.jpg]
[madappgang.com/static/cf17b27f4479480ad0738c7694edb993/71c6a/jrudenko.jpg]
[madappgang.com/static/785f39670ccddbb0c696ece551b4c88d/71c6a/schaban.jpg]
[madappgang.com/static/3c2ed0e42b047266b008670a642bcdaf/71c6a/dlisitsyn.jpg]
[madappgang.com/static/55e77c37f0400889f7aacc0cd6259249/71c6a/esimonov.jpg]
[madappgang.com/static/adfcc08709316d5b4b08d1f3b742b02a/71c6a/msalabutin.jpg]
[madappgang.com/static/03db359b1a4bca9ad2fa4cf28bc6e8dc/71c6a/dprovodnikov.jpg]
[madappgang.com/static/cceada9ab2171a169df1578b521d1af3/71c6a/divanov.jpg]
[madappgang.com/static/25ff532fabe75ee5eec2ce095a3c246e/71c6a/ekelembet.jpg]
[madappgang.com/projects/tayble/index.html]
[madappgang.com/component---src-pages-projects-smartrun-index-jsx-5bf51401936c2b8a0cb6.js]
[madappgang.com/page-data/projects/smartrun/page-data.json]
[madappgang.com/static/top_banner-77a0c4dbc97a6e8093fe5d1b0a97fbf1.jpg]
[madappgang.com/static/8d530c3d79402d07b16e140a7cc571c1/61c35/icon_2x.png]
[madappgang.com/static/73ec4b47ab8bc4d9309e3c6668c3e17a/2228e/services_2x.png]
[madappgang.com/static/3d5b9958727b1b3aa7929451de6e5931/596b5/prototype1_2x.jpg]
[madappgang.com/static/7dd2541b9545e97f2654718e6b7924d1/f48bc/prototype21_2x.jpg]
[madappgang.com/static/8f9ef3888e76d88bdbfbb2517c49a739/2228e/daltonism_2x.png]
[madappgang.com/static/33ff7f6aef948dc8415c65d3ad22de6e/aa9fb/zones1_2x.png]
[madappgang.com/static/64b9ef608a0374d5420c32e96d996167/ae7ab/horizontal_layout_2x.png]
[madappgang.com/static/6e916da37cb7affc369e594c7bb2e5f8/f48bc/prototype3_2x.jpg]
[madappgang.com/static/d80564aeb21a84e3f2d08b3d6425a573/f48bc/simple_2x.jpg]
[madappgang.com/static/10af97e1e8bcba5bf60b112c5b5fa8b0/188ac/battery_indicator_2x.png]
[madappgang.com/static/408b030ac919b7540eafd7b3d6b351db/2228e/smartrun_research_2x.png]
[madappgang.com/static/5e54c0f817b2c6b1c254fb6e83430523/2228e/sensor_connect_2x.png]
[madappgang.com/static/41e6c995384ea06283b3e4467dd5b835/f0031/plan_details_2x.png]
[madappgang.com/static/89a8f4d651f91d83246dace1338b608e/e54cc/training_plan1_2x.png]
[madappgang.com/static/e667aa7a546ae1f37f148b854b2f942e/e54cc/training_plan2_2x.png]
[madappgang.com/static/9ff3ab1b525124000abb91aa74d921d0/e54cc/training_plan3_2x.png]
[madappgang.com/static/9b318c1d53c413d34408f1b6a26c25a4/e54cc/sharing1_2x.png]
[madappgang.com/static/f931674dda5239d044bb221d64fe3880/e54cc/sharing2_2x.png]
[madappgang.com/static/102200effc0d4b3a11cfad65608940be/e54cc/sharing3_2x.png]
[madappgang.com/static/1fca8d60c3a2580e71fcaee3d00d589a/02bd0/watch_band_2x.jpg]
[madappgang.com/static/e28dc71b95c0b32a2329ce5adbf297af/43d1f/watch_2x.jpg]
[madappgang.com/static/5eeaeacd7393b0398ed10560677d09f0/71c6a/aprasolova.jpg]
[madappgang.com/static/9fcbbe7ac5a11e026f0d4586a37d2eba/71c6a/kgerasimov.jpg]
[madappgang.com/static/0879d7da78078000e5bb2b314c727848/71c6a/skostanian.jpg]
[madappgang.com/projects/smartrun/index.html]
[madappgang.com/component---src-pages-projects-atlas-index-js-d0e36035d84c77a6c9fc.js]
[madappgang.com/page-data/projects/atlas/page-data.json]
[madappgang.com/static/top_banner-ecfe0773e4620b9bbbc7a689e45418c2.jpg]
[madappgang.com/static/961fed3c6dbd0f8e448bcdd483ac2a75/61c35/icon_2x.png]
[madappgang.com/static/94616ee98c7b9829fdda9e3cc625d299/f2c7c/goals_2x.png]
[madappgang.com/static/icon_gplay-70e6405218f7a27891069c913dc554fc.svg]
[madappgang.com/static/e2fa5c537a52ca622aab8d65f54d6b65/c360f/client.jpg]
[madappgang.com/static/intersection_banner-09a7b86f4a79d4de9e6399bd7b98de90.jpg]
[madappgang.com/static/a9e3b97940b90e4a7f487a92322a9136/2f2ba/screenshot_main_2x.png]
[madappgang.com/static/86a5536f824bf214421287a0efc34d24/2f2ba/screenshot_routes_2x.png]
[madappgang.com/static/cf170860a0ee3fec37a67f9f51c2e1c8/2f2ba/screenshot_filter_2x.png]
[madappgang.com/static/797a7b91e7c895fba07e1f20575e9e7f/a7778/map_points_2x.jpg]
[madappgang.com/static/d0085759082ef97e74ffe6c9e4b4f549/a7778/golang_cluster_2x.jpg]
[madappgang.com/static/2cef8ff5c381b20fa98607e4305ffef8/a7778/leaflet_map_2x.jpg]
[madappgang.com/static/b0508db4938ff6f337f60df4e8e12f32/a7778/results_2x.jpg]
[madappgang.com/static/f290366649aabd606aa635a34e10e7f7/10f71/mapbox_2x.png]
[madappgang.com/static/1d76e0cafd950b46f952d4909ea5bb4d/a7778/docker_2x.jpg]
[madappgang.com/static/3b441e647940f5a4a10f42223bbe1839/a7778/api_2x.jpg]
[madappgang.com/projects/atlas/index.html]
[madappgang.com/4-7c63d9aabbf1b90cb393.js]
[madappgang.com/component---src-pages-projects-webmoney-index-jsx-62ff3b5c01cb8f481649.js]
[madappgang.com/page-data/projects/webmoney/page-data.json]
[madappgang.com/static/top_banner-e7351e026fd17993f562bc4f10d60c7b.jpg]
[madappgang.com/static/9875a81fb6dcd4d0c5fe121cd2f64465/61c35/icon_2x.png]
[madappgang.com/static/40631b25a307023748aa1a2d6c520585/a7778/google_2x.jpg]
[madappgang.com/static/fea9796ee42d6a94afeb95eaf2eb9479/a7778/apple_2x.jpg]
[madappgang.com/static/f4ded3b2bcef9bc3036b6c93e4d8eaba/a7778/wu_2x.jpg]
[madappgang.com/static/e370a4dd292f574dc6c702709b87b9e1/cd3cb/goals_2x.png]
[madappgang.com/static/intersection_webmoney-4a8ca6e6b1126f4ae48f81d198051705.jpg]
[madappgang.com/static/61587cafc650ec58bb80ae09d1fb5f91/a7778/auth_2x.jpg]
[madappgang.com/static/9e03feeee96db56bf656d4e69b7d8e69/a7778/mitm_2x.jpg]
[madappgang.com/static/intersection_hacker-c011ed06330e1ec2a2d362789d9b2015.jpg]
[madappgang.com/static/b3e7448a5c6f3923605a79bcb416bacc/c0930/iphone_2x.png]
[madappgang.com/static/a8944a4e558d1dd375d00e1d3b095d59/fa047/watch_2x.png]
[madappgang.com/static/765b6bce30741110fd1ae40c7a32e3c5/22e95/tablet_2x.png]
[madappgang.com/static/86f308ba351e3b656d0ff21a57d59674/71c6a/okmalovichko.jpg]
[madappgang.com/projects/webmoney/index.html]
[madappgang.com/component---src-pages-projects-index-js-3958cd8e50cc146bd948.js]
[madappgang.com/page-data/projects/page-data.json]
[madappgang.com/projects/index.html]
[madappgang.com/component---src-pages-services-hero-index-js-a9434f03f53ff2e4ab3f.js]
[madappgang.com/page-data/services/hero/page-data.json]
[madappgang.com/services/hero/index.html]
[madappgang.com/component---src-pages-services-guru-index-js-0a6fee7fd7632b548bed.js]
[madappgang.com/page-data/services/guru/page-data.json]
[madappgang.com/services/guru/index.html]
[madappgang.com/component---src-pages-services-magnus-index-js-02797348d40dfc08f3e8.js]
[madappgang.com/page-data/services/magnus/page-data.json]
[madappgang.com/services/magnus/index.html]
[madappgang.com/component---src-pages-services-ninja-index-js-ff3cf4a9671d16e0ca4e.js]
[madappgang.com/page-data/services/ninja/page-data.json]
[madappgang.com/services/ninja/index.html]
[madappgang.com/component---src-pages-experience-ourwins-index-jsx-7598d50523889793a6ea.js]
[madappgang.com/page-data/experience/ourwins/page-data.json]
[madappgang.com/experience/ourwins/index.html]
[madappgang.com/component---src-pages-foundation-technology-index-js-37e290f4c984dabedccb.js]
[madappgang.com/page-data/foundation/technology/page-data.json]
[madappgang.com/foundation/technology/index.html]
[madappgang.com/page-data/foundation/approach/page-data.json]
[madappgang.com/component---src-pages-foundation-approach-index-js-e4bb263059bb11aeb1e5.js]
[madappgang.com/static/approach_1-51c06521326924e49fde6cc81b405655.svg]
[madappgang.com/static/approach_2-8c20b46b1e18cd7ead5dc970aef9000a.svg]
[madappgang.com/static/approach_3-580dffa71f17e3657f7024e327dcec72.svg]
[madappgang.com/foundation/approach/index.html]
[madappgang.com/static/phrase_1-98760c32d02c191a3947fa5b15d538af.svg]
[madappgang.com/static/phrase_2-1e973cc06d81f2673e139278dafe5cbd.svg]
[madappgang.com/static/phrase_4-e26d45c6b8706724ae2b288cedd16104.svg]
[madappgang.com/static/full_team-ac8ce79a78abb9d571328d4536b8507a.svg]
[madappgang.com/static/toggl-81b46d4a86a3980fb346af5db8fcf09c.svg]
[madappgang.com/static/trello-725f6c98983e5f15cfa258b66be68981.svg]
[madappgang.com/static/slack-bfa4e2166d52d3d7028ee4cb994f6aa8.svg]
[madappgang.com/static/testflight-ee019073c0d3f48f0c7bb8d9d5ac6afb.svg]
[madappgang.com/static/googleplay-93c97bbe7e6a8d3f6018423141261f3a.svg]
[madappgang.com/static/docker-65c06ff12d14e55a058c05bb4c3dcb9c.svg]
[madappgang.com/static/aws-45b48ee23d3050aa72dd3e49a74676b9.svg]
[madappgang.com/static/omniplan-f0cb1eb222bab8d9ef4446fa0019d81d.svg]
[madappgang.com/static/tensorflow-c74cf9bcba828ffacdd4a4ec12a45cb5.svg]
[madappgang.com/static/approach_4-7ede8437189c65e7fc7b0f0a7fa740d1.svg]
[madappgang.com/component---src-templates-blog-post-js-a5bbae1a195251feee2c.js]
[madappgang.com/uploads/33528361_2057379984303360_5847473041495293952_o.jpg]
[madappgang.com/page-data/blog/best-designed-healthcare-apps/page-data.json]
[madappgang.com/static/8c51fc0848776964a93b691f5444af91/4dacc/healthcare-app-design-1.png]
[madappgang.com/static/914eb665f652643ac08806c19c76606b/c2c1d/healthcare-app-design-2.jpg]
[madappgang.com/static/39181797e6b87811da63ff4c11f20141/4ce9f/healthcare-app-design-3.jpg]
[madappgang.com/static/a869f1b29dcc67feaa069ef3eebd8ec1/4dacc/healthcare-app-design-4.png]
[madappgang.com/static/b763a63a3d41d983a30934bb57f37b3e/4ce9f/healthcare-app-design-5.jpg]
[madappgang.com/static/2feacdafebed542747330ea54d5938a7/4ce9f/healthcare-app-design-6.jpg]
[madappgang.com/static/ffe65c28c2e5a09e8058e468afe613ae/c2c1d/healthcare-app-design-7.jpg]
[madappgang.com/static/d61869db9fe923857ee9db152a55f0ea/c2c1d/healthcare-app-design-8.jpg]
[madappgang.com/blog/how-to-develop-an-app-compliant-with-hipaa-and-other-healthcare-security-regulations/index.html]
[madappgang.com/blog/the-best-fitness-app-design-examples-and-typical-mistakes/index.html]
[madappgang.com/static/03b7e8db37e99ed7e2c9d239b02e1b98/c2c1d/healthcare-app-design-9.jpg]
[madappgang.com/static/799c4da779825ad167b4a6571d1e2572/c2c1d/healthcare-app-design-10.jpg]
[madappgang.com/static/8e6562c71fc3bceefd3c18ae9836708a/c2c1d/healthcare-app-design-11.jpg]
[madappgang.com/static/999f2baf073564e8e6c8040a810f2149/4ce9f/healthcare-app-design-12.jpg]
[madappgang.com/static/8bb53eae156da221149db6364e689c5d/14edc/healthcare-app-design-13.png]
[madappgang.com/static/fb972b2aeb4662677435c888791bbee8/315fe/healthcare-app-design-14.png]
[madappgang.com/static/6f550cf9ef9bb1e5d6536d4b9a051951/4ce9f/healthcare-app-design-15.jpg]
[madappgang.com/static/0314e23762fd39865104f957c38c6a34/4dacc/healthcare-app-design-16.png]
[madappgang.com/static/09a29cb1838a1c4ccd2ac5b8ef5868dc/47232/healthcare-app-design-17.png]
[madappgang.com/static/e1da31a98d695471a6b493706a615d00/c2c1d/healthcare-app-design-18.jpg]
[madappgang.com/static/4896c473dd5fd0d3b3a0b0fd7f7ecad3/c2c1d/healthcare-app-design-19.jpg]
[madappgang.com/static/966da39c19e5d2be29b470d50ae0ce7f/4ce9f/healthcare-app-design-20.jpg]
[madappgang.com/static/17329484b7bdb59be66e496a044914cc/c2c1d/healthcare-app-design-21.jpg]
[madappgang.com/static/c6af10e99837bf7918a6054643c2d7e3/36cd7/healthcare-app-design-22.jpg]
[madappgang.com/static/7ec34c2e0e130542b8398e44fdd8249d/4ce9f/healthcare-app-design-23.jpg]
[madappgang.com/static/d62d37559f7e83925ef1c1d29403bf18/4ce9f/healthcare-app-design-24.jpg]
[madappgang.com/static/6715c0aa26a4584c5a3d82482ceb19ca/315fe/healthcare-app-design-25.png]
[madappgang.com/static/5a7999bdde8bdbe606cea426535290e9/c2c1d/healthcare-app-design-26.jpg]
[madappgang.com/static/45f102611722a0c83ef34a71ffde8da3/315fe/healthcare-app-design-27.png]
[madappgang.com/static/275f37f2471910e9236bd0e36366f5e1/4d700/healthcare-app-design-28.jpg]
[madappgang.com/static/69c923296f788d6d752fd65f21717676/c2c1d/healthcare-app-design-29.jpg]
[madappgang.com/static/0afcc76417c02acc835e366dc89c3047/315fe/healthcare-app-design-30.png]
[madappgang.com/static/bd928c368c4a4af84daf4681e8838136/4dacc/healthcare-app-design-31.png]
[madappgang.com/static/1896db11d2d809749d60e87c1c4ce3ed/315fe/healthcare-app-design-32.png]
[madappgang.com/static/cb13985c4e8e5b2b669f07f878714d2e/4ce9f/healthcare-app-design-33.jpg]
[madappgang.com/static/941cd4bd3ee85d5b2da1d51bb7991e51/87981/healthcare-app-design-34.png]
[madappgang.com/static/207dfc269055c79d0e7677ca7df869b6/0810f/healthcare-app-design-35.jpg]
[madappgang.com/static/eeda07251ad9337043fc2598026e7ba8/42219/healthcare-app-design-36.jpg]
[madappgang.com/static/f94ef4bca79f32b960f2794c79d45387/315fe/healthcare-app-design-37.png]
[madappgang.com/static/68b9f17f46ca72109296bd6779f8059f/4ce9f/healthcare-app-design-38.jpg]
[madappgang.com/static/f69a483fa46c1e0417984e59fed2618d/42b52/healthcare-app-design-39.png]
[madappgang.com/uploads/healthcare-app-design-title.png]
[madappgang.com/static/fc18f1ef8d3811df3074a9aa6ccd8ac8/c2c1d/healthcare-app-design-40.jpg]
[madappgang.com/blog/best-designed-healthcare-apps/index.html]
[madappgang.com/page-data/blog/implementing-secure-messaging-in-healthcare-best-practices-and-solutions/page-data.json]
[madappgang.com/static/bd92bff1a6beb0b8bba2dd6314b84c7b/c2c1d/implementing-secure-messaging-in-healthcare-2.jpg]
[madappgang.com/static/453642f676486a5c52d702688d3eac83/4dacc/implementing-secure-messaging-in-healthcare-1.png]
[madappgang.com/static/a47dd78d32adce5b63ed8cdc57dc510e/c2c1d/implementing-secure-messaging-in-healthcare-3.jpg]
[madappgang.com/uploads/implementing-secure-messaging-in-healthcare-title.png]
[madappgang.com/blog/implementing-secure-messaging-in-healthcare-best-practices-and-solutions/index.html]
[madappgang.com/blog/healthcare-app-development-how-to-build-a-helpful-medical-app/index.html]
[madappgang.com/page-data/blog/what-is-the-cost-of-developing-a-healthcare-app/page-data.json]
[madappgang.com/static/e8b10d31d1cd7a1d2df79430d3860fa0/b6a1c/cost-of-healthcare-app-development-2.png]
[madappgang.com/static/cd1c9a800fc1646e348cdeae6ed7a74a/4dacc/cost-of-healthcare-app-development-1.png]
[madappgang.com/blog/twilio-alternatives-how-to-integrate-messages-and-calls-into-your-app/index.html]
[madappgang.com/blog/how-to-make-a-gps-navigation-app-that-stands-out/index.html]
[madappgang.com/blog/mental-health-app-development-how-to-build-an-app-backed-by-science/index.html]
[madappgang.com/uploads/cost-of-healthcare-app-development-title.png]
[madappgang.com/blog/mapbox-vs-google-maps-choosing-a-map-for-your-app/index.html]
[madappgang.com/blog/wearable-technology-in-healthcare-top-trends/index.html]
[madappgang.com/blog/what-is-the-cost-of-developing-a-healthcare-app/index.html]
[madappgang.com/blog/how-much-does-it-cost-to-build-an-app-here-is-the-difference-between-5-000-and-5-000-000-apps/index.html]
[madappgang.com/blog/how-to-hire-a-mobile-app-developer-all-the-dos-and-a-few-of-the-donts/index.html]
[madappgang.com/page-data/blog/how-to-develop-a-hospital-management-app/page-data.json]
[madappgang.com/static/9dda596bff499754b187bb16e48504f2/4dacc/hospital-management-app-development-1.png]
[madappgang.com/uploads/hospital-management-app-development-title.png]
[madappgang.com/static/a62ceafa8020e5074cb8cfc1d77859cf/b2de2/hospital-management-app-development-2.png]
[madappgang.com/static/405cc9a959429b5ded0c14ffe4c111e7/ad761/hospital-management-app-development-3.png]
[madappgang.com/static/174af391655fa9aebd1e0d0f493599b6/d9d6b/hospital-management-app-development-4.png]
[madappgang.com/static/d214ed703dea07156649228a3867fbb8/8e34c/hospital-management-app-development-5.jpg]
[madappgang.com/static/9f353d3e0605994cb9392e697d790d93/e72ea/hospital-management-app-development-6.jpg]
[madappgang.com/static/26e91dc82b4290b166e5ba79802d5a6b/85b8b/hospital-management-app-development-7.jpg]
[madappgang.com/static/0b130dcf4dbcc078564824558ff40dc1/12c70/hospital-management-app-development-8.jpg]
[madappgang.com/static/5e99fd1acf9ac7eb1437448136793420/fb45a/hospital-management-app-development-9.png]
[madappgang.com/static/6beba5799044cd3705cf87827dd26589/7cffb/hospital-management-app-development-10.png]
[madappgang.com/blog/how-to-develop-a-hospital-management-app/index.html]
[madappgang.com/blog/how-to-develop-a-telehealth-app/index.html]
[madappgang.com/page-data/blog/how-to-develop-a-medicine-delivery-app/page-data.json]
[madappgang.com/static/34dd41e0ac9cfc42983a61ed2ffaf836/4dacc/medicine-delivery-app-1.png]
[madappgang.com/uploads/medicine-delivery-app-title.png]
[madappgang.com/blog/how-to-develop-a-medicine-delivery-app/index.html]
[madappgang.com/blog/how-to-develop-a-truck-logistics-app/index.html]
[madappgang.com/page-data/blog/page/2/page-data.json]
[madappgang.com/uploads/telehealth-app-development-title-dark.png]
[madappgang.com/uploads/healthcare-security-regulations-title-dark.png]
[madappgang.com/uploads/white-label-fitness-apps-title-dark.png]
[madappgang.com/uploads/mental-health-app-development-title-dark.png]
[madappgang.com/uploads/market-research-title-dark.png]
[madappgang.com/blog/the-pros-and-cons-of-white-label-fitness-apps/index.html]
[madappgang.com/blog/page/2/index.html]
[madappgang.com/blog/the-australian-and-us-health-and-fitness-app-market-in-2019-insights-analysis/index.html]
[madappgang.com/page-data/blog/page/3/page-data.json]
[madappgang.com/uploads/diet-app-development-title-dark.png]
[madappgang.com/uploads/how-to-build-a-fitness-mobile-app-for-gym-workouts-title-dark.png]
[madappgang.com/uploads/how-to-create-your-own-hiit-workout-app-title-dark.png]
[madappgang.com/blog/diet-app-development-how-to-build-a-weight-loss-app/index.html]
[madappgang.com/uploads/fitness-gamification-title-dark.png]
[madappgang.com/uploads/apple-watch-app-store-title-dark.png]
[madappgang.com/blog/page/3/index.html]
[madappgang.com/blog/how-to-build-a-mobile-fitness-app-for-gym-workouts/index.html]
[madappgang.com/blog/fitness-gamification-examples-make-your-app-fun-and-engaging/index.html]
[madappgang.com/blog/how-to-create-your-own-hiit-workout-app/index.html]
[madappgang.com/page-data/blog/page/4/page-data.json]
[madappgang.com/uploads/best-wear-os-apps-in-2019-title-dark.png]
[madappgang.com/blog/the-apple-watch-app-store-is-coming-is-it-worth-building-a-smartwatch-app-now/index.html]
[madappgang.com/uploads/the-best-fitness-app-design-examples-and-typical-mistakes-title-dark.png]
[madappgang.com/uploads/top-trends-in-wearable-technology-in-healthcare-title-dark.png]
[madappgang.com/blog/the-best-wear-os-apps-in-2019/index.html]
[madappgang.com/uploads/how-to-build-a-fitness-app-title-dark.png]
[madappgang.com/uploads/how-to-build-a-healthcare-app-title-dark.png]
[madappgang.com/blog/page/4/index.html]
[madappgang.com/page-data/blog/page/5/page-data.json]
[madappgang.com/uploads/the-latest-trends-in-healthcare-mobile-apps-title-dark.png]
[madappgang.com/blog/how-to-build-a-fitness-app/index.html]
[madappgang.com/uploads/the-best-health-and-fitness-app-developers-title-dark.png]
[madappgang.com/uploads/the-best-health-and-fitness-apps-title-dark.png]
[madappgang.com/blog/the-latest-trends-in-healthcare-mobile-apps/index.html]
[madappgang.com/uploads/the-best-running-app-title-dark.png]
[madappgang.com/blog/the-best-health-and-wellness-app-developers-and-their-market-strategies/index.html]
[madappgang.com/uploads/twilio-alternatives-title-dark.png]
[madappgang.com/blog/page/5/index.html]
[madappgang.com/blog/the-best-health-and-fitness-apps-types-and-features/index.html]
[madappgang.com/page-data/blog/page/6/page-data.json]
[madappgang.com/uploads/what-is-geoclustering-title-dark.png]
[madappgang.com/blog/the-best-running-apps-for-training-and-fun/index.html]
[madappgang.com/uploads/clutch-awards-title-dark.png]
[madappgang.com/blog/what-is-geoclustering-how-to-handle-200-000-points-on-the-map/index.html]
[madappgang.com/uploads/apps-for-logistics-companies-title-dark.png]
[madappgang.com/uploads/mapbox-vs-google-maps-title-dark-.png]
[madappgang.com/blog/clutch-reviewed-madappgang-as-a-top-wearable-app-developer/index.html]
[madappgang.com/uploads/how-to-build-a-navigation-app-title-dark.png]
[madappgang.com/blog/page/6/index.html]
[madappgang.com/blog/logistics-problems-and-solutions-how-mobile-apps-serve-the-transportation-industry/index.html]
[madappgang.com/page-data/blog/page/7/page-data.json]
[madappgang.com/uploads/mobile-app-security-testing-title-dark.png]
[madappgang.com/uploads/uber-for-trucking-app-development-title-dark.png]
[madappgang.com/uploads/test-automation-title-dark.png]
[madappgang.com/uploads/how-to-build-your-own-pos-system-title-dark.png]
[madappgang.com/blog/mobile-application-security-testing-major-threats-and-the-tools-needed-to-overcome-them/index.html]
[madappgang.com/uploads/how-to-build-restaurant-ordering-title-dark.png]
[madappgang.com/blog/page/7/index.html]
[madappgang.com/blog/what-is-automated-mobile-app-testing-and-what-are-the-benefits/index.html]
[madappgang.com/page-data/blog/page/8/page-data.json]
[madappgang.com/blog/how-to-build-your-own-pos-system/index.html]
[madappgang.com/uploads/full-guide-on-restaurant-apps-title-dark.png]
[madappgang.com/blog/how-to-build-a-mobile-app-for-restaurant-ordering/index.html]
[madappgang.com/uploads/how-much-does-it-cost-to-build-a-mobile-app-title-dark.png]
[madappgang.com/uploads/how-to-hire-app-developer-title_dark.png]
[madappgang.com/blog/full-guide-to-restaurant-booking-apps/index.html]
[madappgang.com/uploads/fire_mobile_developer_company_title_dark.png]
[madappgang.com/uploads/title_article_1234.png]
[madappgang.com/blog/page/8/index.html]
[madappgang.com/page-data/blog/page/9/page-data.json]
[madappgang.com/blog/the-size-of-the-mobile-application-development-market-in-australia-and-beyond/index.html]
[madappgang.com/blog/six-reasons-why-you-should-fire-your-mobile-app-development-company/index.html]
[madappgang.com/uploads/title_dark.jpg]
[madappgang.com/uploads/flutter_rn_banner_dark.png]
[madappgang.com/uploads/technologies-selection-banner.png]
[madappgang.com/blog/10-steps-to-create-mvp-in-6-weeks/index.html]
[madappgang.com/blog/flutter-1-0-released-the-revolution-in-mobile-development/index.html]
[madappgang.com/uploads/banner123.png]
[madappgang.com/blog/page/9/index.html]
[madappgang.com/static/icon_gplay-70e6405218f7a27891069c913dc554fc.svg]
[madappgang.com/static/approach_1-51c06521326924e49fde6cc81b405655.svg]
[madappgang.com/static/approach_2-8c20b46b1e18cd7ead5dc970aef9000a.svg]
[madappgang.com/static/approach_3-580dffa71f17e3657f7024e327dcec72.svg]
[madappgang.com/static/approach_4-7ede8437189c65e7fc7b0f0a7fa740d1.svg]
[madappgang.com/static/cad84106c9b5b7db1f72868ff2d25313/315fe/myfp.png]
[madappgang.com/page-data/blog/the-best-fitness-app-design-examples-and-typical-mistakes/page-data.json]
[madappgang.com/blog/what-s-the-scope-of-mobile-app-development-in-2018/index.html]
[madappgang.com/blog/step-by-step-mobile-app-development-process/index.html]
[madappgang.com/static/948fd82efce5ea6b6f95503cafd7abc5/4dacc/contenful_symbols_used_in_clue_2x.png]
[madappgang.com/uploads/the-best-fitness-app-design-examples-and-typical-mistakes-smartrun-onboarding.png]
[madappgang.com/static/70c3a421ffd6598257320a194a3658e5/4ce9f/lifesum-02.jpg]
[madappgang.com/static/c8dae00e2d03fbe26fedd5ac8191da14/4ce9f/fr-nutr.jpg]
[madappgang.com/static/7dd2541b9545e97f2654718e6b7924d1/972ff/prototype21_2x.jpg]
[madappgang.com/static/41c7f5282e6c8289fa66530c433ad3a6/315fe/the-best-fitness-app-design-examples-and-typical-mistakes-1.png]
[madappgang.com/static/b40b4091cfe0f3a3cf6c308e51ff51a7/4ce9f/the-best-fitness-app-design-examples-and-typical-mistakes-2.jpg]
[madappgang.com/static/6e946c3b2aa0f5d0405c486a7232df8f/4ce9f/1-phone-tab-training-en.jpg]
[madappgang.com/static/21f50456fcdd1aacc255a736ef78879e/30cb4/the-best-fitness-app-design-examples-and-typical-mistakes-smartrun-plans.png]
[madappgang.com/the-best-fitness-app-design-examples-and-typical-mistakes-smart-test-animations-ad134f3c7547980b7e68df72c51bfca0.gif]
[madappgang.com/static/c4f534e908670b807a1e2126601c20b8/4dacc/screen_shot_2018-11-07_at_12.18.34_pm.png]
[madappgang.com/static/b8105d430266365dd4b5762d5c378db3/4dacc/b8105d430266365dd4b5762d5c378db3.png]
[madappgang.com/uploads/the-best-fitness-app-design-examples-and-typical-mistakes-title.png]
[madappgang.com/static/f942faf974262a8cbbf547af74d2d7b8/315fe/strava-n.png]
[madappgang.com/static/55280c002316b29acca7bc39c1504a41/4ce9f/lifesum_6.jpg]
[madappgang.com/blog/the-best-fitness-app-design-examples-and-typical-mistakes/index.html]
[madappgang.com/page-data/blog/how-to-develop-an-app-compliant-with-hipaa-and-other-healthcare-security-regulations/page-data.json]
[madappgang.com/static/e009aaf61a1d7ebc47e06b0bee459fd4/c2c1d/healthcare-security-regulations-2.jpg]
[madappgang.com/static/3b75aa6e34289435b733e2a28743bc5a/c2c1d/healthcare-security-regulations-3.jpg]
[madappgang.com/static/470537d94614989d99877f0edb0d4a2a/4dacc/healthcare-security-regulations-1.png]
[madappgang.com/uploads/healthcare-security-regulations-title.png]
[madappgang.com/blog/how-to-develop-an-app-compliant-with-hipaa-and-other-healthcare-security-regulations/index.html]
[madappgang.com/page-data/blog/healthcare-app-development-how-to-build-a-helpful-medical-app/page-data.json]
[madappgang.com/static/4a54cc01fb073cbdc0811530ff5ca64c/c2c1d/two-doctors-discussing-diagnosis-while-walking-p28nx5c.jpg]
[madappgang.com/uploads/how-to-build-a-healthcare-app-title.png]
[madappgang.com/static/400650f44044ac43f23c982dba71f399/c2c1d/measuring-glucose-levels-and-entering-data-into-ea3jmpr.jpg]
[madappgang.com/static/283f7331b8bca3115f99eb591768758b/4dacc/how-to-build-a-healthcare-app-1.png]
[madappgang.com/blog/healthcare-app-development-how-to-build-a-helpful-medical-app/index.html]
[madappgang.com/page-data/blog/twilio-alternatives-how-to-integrate-messages-and-calls-into-your-app/page-data.json]
[madappgang.com/static/2fc9ee19a02e6d36b4b8af8a1ac43ccc/4dacc/twilio-alternatives-1.png]
[madappgang.com/static/02f1c944a6eef5d942dc3805c27c084e/c2c1d/twilio-table.jpg]
[madappgang.com/static/9bc49051a267e498e55b0dadfbdd821b/4dacc/twilio-alternatives-2.png]
[madappgang.com/static/37e3cf74ff3b327772db108ab73808a1/4dacc/twilio-alternatives-3.png]
[madappgang.com/uploads/twilio-alternatives-title.png]
[madappgang.com/blog/twilio-alternatives-how-to-integrate-messages-and-calls-into-your-app/index.html]
[madappgang.com/page-data/blog/how-to-make-a-gps-navigation-app-that-stands-out/page-data.json]
[madappgang.com/static/59b3488ee44c8185c16b5c823e9e007e/c2c1d/how-to-build-a-navigation-app-travel.jpg]
[madappgang.com/static/667c929eead36b87a5f3f31f044cfb2f/c2c1d/how-to-build-a-navigation-app-commuter.jpg]
[madappgang.com/static/c7f813f861b2ad19f6afce07348df7ed/c2c1d/how-to-build-a-navigation-app-truck.jpg]
[madappgang.com/uploads/how-to-build-a-navigation-app-title.png]
[madappgang.com/static/74fcafcc8dc788dc033b63fa9a8d1f56/4dacc/how-to-build-a-navigation-app-1.png]
[madappgang.com/blog/how-to-make-a-gps-navigation-app-that-stands-out/index.html]
[madappgang.com/page-data/blog/mental-health-app-development-how-to-build-an-app-backed-by-science/page-data.json]
[madappgang.com/static/088904f75f739db7bae5a44581a8928e/4dacc/mental-health-app-development-1.png]
[madappgang.com/static/8982d8a4ed234c695af776ddb136d2a2/4ce9f/300x0w.jpg]
[madappgang.com/static/76a10d5018a764b7ea49a234cc82eb52/9e5c9/daylio-screen.png]
[madappgang.com/static/9c0b763a45924e8ce39cd154f79cb043/73879/twophones-talkspace.png]
[madappgang.com/static/c055e9f2e61b40d829331ac6b41d3de2/315fe/wysa-thoughtpad.png]
[madappgang.com/static/e30c8dcc0b3771c59aa6f0be916c0c4d/c2c1d/women-doing-yoga-outdoors-at-sunrise-morning-utc2bd7.jpg]
[madappgang.com/uploads/mental-health-app-development-title.png]
[madappgang.com/static/71163b03f603f5a822de3f187bc57765/4dacc/51413967_1169181353256656_1897364088623726592_o.png]
[madappgang.com/blog/mental-health-app-development-how-to-build-an-app-backed-by-science/index.html]
[madappgang.com/static/a1cc1614a282eb53d31c794d3d9e2450/4dacc/mapbox-vs-google-maps-1.png]
[madappgang.com/page-data/blog/mapbox-vs-google-maps-choosing-a-map-for-your-app/page-data.json]
[madappgang.com/mapbox-vs-google-maps-mapbox-1-f4e0a671fd7c0462217b09c90c5e3f4c.gif]
[madappgang.com/static/8fc84dc5e9c922fb58f1ac4bc1688fbc/ef30a/mapbox-vs-google-maps-google-maps-night.png]
[madappgang.com/static/9a73f9bad195b68e94fd8bc7075a5964/4dacc/mapbox-vs-google-maps-google-maps-street-view.png]
[madappgang.com/static/ad52e225c7c286cce22e75b13dd40f49/cece2/mapbox-vs-google-maps-google-maps-clustering.png]
[madappgang.com/mapbox-vs-google-maps-mapbox-navigation-b67a805a2bbbbb008487cacfea7ba45a.gif]
[madappgang.com/uploads/mapbox-vs-google-maps-title.png]
[madappgang.com/static/a257de38e80010d79901f0b36077e669/c2c1d/mapbox-vs-google-maps-vidions-sdk.jpg]
[madappgang.com/blog/mapbox-vs-google-maps-choosing-a-map-for-your-app/index.html]
[madappgang.com/page-data/blog/wearable-technology-in-healthcare-top-trends/page-data.json]
[madappgang.com/static/1b279a787638fb3aba9306ad36723a32/4dacc/top-trends-in-wearable-technology-in-healthcare-1.png]
[madappgang.com/static/2f6eecb348193cc9b98be74548511636/c2c1d/man-setting-heart-rate-monitor-psfysab.jpg]
[madappgang.com/uploads/top-trends-in-wearable-technology-in-healthcare-title.png]
[madappgang.com/blog/wearable-technology-in-healthcare-top-trends/index.html]
[madappgang.com/page-data/blog/how-much-does-it-cost-to-build-an-app-here-is-the-difference-between-5-000-and-5-000-000-apps/page-data.json]
[madappgang.com/uploads/jrudenko.jpg]
[madappgang.com/static/d2cee97ba460ede8990b9253bd39765e/4dacc/how-much-does-it-cost-to-build-a-mobile-app-huge-instagram.png]
[madappgang.com/static/83a029e3614c748c98fc28fd8bb6af13/4dacc/how-much-does-it-cost-to-build-a-mobile-app-huge-creator-connect.png]
[madappgang.com/static/7c6c1254c4fef31c20e146a560990134/30cb4/how-much-does-it-cost-to-build-a-mobile-app-huge-cudo.png]
[madappgang.com/static/2f23280ed29a6b89991f3aceabb1cc6c/c2c1d/1.-how-much-does-it-cost-to-build-a-mobile-app-prototype.jpg]
[madappgang.com/static/02a508f0c1557ce2e5ad11aa8b0967cf/c2c1d/2.-how-much-does-it-cost-to-build-a-mobile-app-mvp.jpg]
[madappgang.com/static/e643ca3159eb97ff52f46bb7bc4e0244/c2c1d/3.-how-much-does-it-cost-to-build-a-mobile-app-big.jpg]
[madappgang.com/static/dda1f7c6ef0e23f114ed6f1857ceb42f/c2c1d/4.-how-much-does-it-cost-to-build-a-mobile-app-huge.jpg]
[madappgang.com/uploads/how-much-does-it-cost-to-build-a-mobile-app-title.jpg]
[madappgang.com/blog/how-much-does-it-cost-to-build-an-app-here-is-the-difference-between-5-000-and-5-000-000-apps/index.html]
[madappgang.com/page-data/blog/how-to-hire-a-mobile-app-developer-all-the-dos-and-a-few-of-the-donts/page-data.json]
[madappgang.com/static/183915215222f4197785236b1bd49cac/c2c1d/how-to-hire-app-developer-1.jpg]
[madappgang.com/uploads/fire-app-development-company-title.jpg]
[madappgang.com/static/1412ed8510f21ee1b4819f0525535353/c2c1d/how-to-hire-app-developer-2.jpg]
[madappgang.com/static/ade6513d0bf0304173f55e760cc39768/c2c1d/how-to-hire-app-developer-3.jpg]
[madappgang.com/blog/how-to-hire-a-mobile-app-developer-all-the-dos-and-a-few-of-the-donts/index.html]
[madappgang.com/page-data/blog/how-to-develop-a-telehealth-app/page-data.json]
[madappgang.com/static/5119d54705125af7c823ac804763103a/4dacc/telehealth-app-development-1.png]
[madappgang.com/uploads/telehealth-app-development-title.png]
[madappgang.com/blog/how-to-develop-a-telehealth-app/index.html]
[madappgang.com/page-data/blog/how-to-develop-a-truck-logistics-app/page-data.json]
[madappgang.com/static/6309211b4e3657aec4221365a0a87d21/4dacc/uber-for-trucking-app-development-1.png]
[madappgang.com/static/f778b8d41e5b55e8f037d180395d0aa7/4dacc/uber-for-trucking-app-development-2.png]
[madappgang.com/uploads/uber-for-trucking-app-development-title.png]
[madappgang.com/static/984db985c0763ea6b2a6e168de3f35ec/4dacc/uber-for-trucking-app-development-3.png]
[madappgang.com/blog/how-to-develop-a-truck-logistics-app/index.html]
[madappgang.com/page-data/blog/the-pros-and-cons-of-white-label-fitness-apps/page-data.json]
[madappgang.com/static/d9ec2e9588ea34347bd5f9bc2396e810/4dacc/white-label-fitness-apps-1.png]
[madappgang.com/static/6af6a28c60bff534619cc33f8ce49344/96ec6/white-label-fitness-apps-2.png]
[madappgang.com/static/be7c968d47a058a5ef2388e6a6de827d/a5da4/white-label-fitness-apps-3.png]
[madappgang.com/static/61c134fbe13d7f214e0e856b1009b15b/264c5/whilte-label-fitness-apps-4.png]
[madappgang.com/static/b70e2a2f90c3363e11ee95c2eab29781/f1d7d/white-label-fitness-apps-5.png]
[madappgang.com/uploads/white-label-fitness-apps-title.png]
[madappgang.com/blog/the-pros-and-cons-of-white-label-fitness-apps/index.html]
[madappgang.com/page-data/blog/the-australian-and-us-health-and-fitness-app-market-in-2019-insights-analysis/page-data.json]
[madappgang.com/static/c7f7be17dd9d0c5b11ff311391ca2bd8/4dacc/market-research-1.png]
[madappgang.com/static/5dce8ef1a717b77190435f3748004058/4dacc/market-research-2.png]
[madappgang.com/static/67bc8153ae4ea931f6476179f6b92a83/4dacc/market-research-3.png]
[madappgang.com/static/2500bd1e30129ec23f0af67b8c8dab7b/4dacc/market-research-4.png]
[madappgang.com/static/deac5f790ea79175261af4b46879975b/4dacc/market-research-5.png]
[madappgang.com/static/b082ae640832b3f30d3848436731ef64/4dacc/market-research-6.png]
[madappgang.com/static/4a26f3e75c03901c7beeda73742b0f19/4dacc/market-research-7.png]
[madappgang.com/static/0819904123f01cc945c451994283742c/4dacc/market-research-8.png]
[madappgang.com/static/a3490630edd5d06272ca321fe5d43a4f/4dacc/market-research-9.png]
[madappgang.com/static/6f3598d2e4a87fc7d331e03bb16836ce/4dacc/market-research-10.png]
[madappgang.com/static/53c9041765e239984303a4c1c0461174/4dacc/market-research-11.png]
[madappgang.com/static/5dbec94d96b6986217a723f2de619e22/4dacc/market-research-12.png]
[madappgang.com/static/d5626389d4bb71ce831704e05aa22227/4dacc/market-research-13.png]
[madappgang.com/static/1056274bf4a25b8145e3b623825323ca/4dacc/market-research-14.png]
[madappgang.com/static/4ee26c98eb0d3f3bcfbadaf2b0d484c2/4dacc/market-research-15.png]
[madappgang.com/static/fc915753c84d27afbbb1316c1067a361/4dacc/market-research-16.png]
[madappgang.com/static/cca9b98154df05781c65847dbde1603e/4dacc/market-research-17.png]
[madappgang.com/static/b09959340e0af7f19e70848ed84ce8eb/4dacc/market-research-18.png]
[madappgang.com/static/50f81f2dc7a40698ff20ed4a15dd7fab/4dacc/market-research-19.png]
[madappgang.com/static/38edf59629faa223773357f8a3e3f7dc/4dacc/market-research-20.png]
[madappgang.com/static/193460f9ea51e8d57bf31db5db628f2b/4dacc/market-research-21.png]
[madappgang.com/static/47a144e394b8f7382fdf77a579d6148c/4dacc/market-research-22.png]
[madappgang.com/static/53b7ca3924212297bba2e008d127c6e1/4dacc/market-research-23.png]
[madappgang.com/static/4431c1dcb3b0ea0217112fcec2f1e398/4dacc/market-research-24.png]
[madappgang.com/static/512e120425b0ba1dde3443329b5c0ec6/4dacc/market-research-25.png]
[madappgang.com/static/98a96146c47e35cacd2a9188b13f0301/4dacc/market-research-26.png]
[madappgang.com/static/9be2b2a344f77ebd471e25eb97658ae6/4dacc/market-research-27.png]
[madappgang.com/static/5acc3cc01ac1ba58c5b75a8330cc292a/4dacc/market-research-28.png]
[madappgang.com/static/84077366e5dec12b63160a2aab02c4d9/4dacc/market-research-29.png]
[madappgang.com/static/a61f6b080739c4f9597de3c6e7341e4f/4dacc/market-research-30.png]
[madappgang.com/static/153849dc6519d66df1401f1ad7babecb/4dacc/market-research-31.png]
[madappgang.com/static/816a3a40ffddf1d9ad1c9e907569b8cd/4dacc/market-research-32.png]
[madappgang.com/uploads/market-research-title.png]
[madappgang.com/blog/the-australian-and-us-health-and-fitness-app-market-in-2019-insights-analysis/index.html]
[madappgang.com/page-data/blog/diet-app-development-how-to-build-a-weight-loss-app/page-data.json]
[madappgang.com/static/ffb11fff0b2ba3089c6da65ba0315dc9/4dacc/diet-app-development-1.png]
[madappgang.com/static/7eb2accdd86d4f54591362ec6fe3f6de/c2c1d/pink-donut-on-plate-measuring-tape-over-grey-l5f93mq.jpg]
[madappgang.com/static/3dcc6aa4c1b0feedb884ee7b78e4ac13/c2c1d/two-red-dumbbells-tape-measure-and-whistle-lk8taj6.jpg]
[madappgang.com/uploads/diet-app-development-title.png]
[madappgang.com/static/84f97c64958afa8e6700691451180ad3/c2c1d/shopping-list-recipe-book-diet-plan-grocering-zcpmwj7.jpg]
[madappgang.com/blog/diet-app-development-how-to-build-a-weight-loss-app/index.html]
[madappgang.com/page-data/blog/how-to-build-a-mobile-fitness-app-for-gym-workouts/page-data.json]
[madappgang.com/static/0d9750b2f7eae6be696fc0929c56dbed/4dacc/how-to-build-a-fitness-mobile-app-for-gym-workouts-1.png]
[madappgang.com/uploads/how-to-build-a-fitness-mobile-app-for-gym-workouts-title.png]
[madappgang.com/blog/how-to-build-a-mobile-fitness-app-for-gym-workouts/index.html]
[madappgang.com/page-data/blog/how-to-create-your-own-hiit-workout-app/page-data.json]
[madappgang.com/static/e0da96df361b028526a7792ee3503fcb/4dacc/how-to-create-your-own-hiit-workout-app-1.png]
[madappgang.com/static/f72e154bfc01be0da9a748b3697853c5/4ce9f/jandj.jpg]
[madappgang.com/static/e28f6df10db5d330a3ef4e98f9425377/81121/7-achievements.png]
[madappgang.com/static/296a0ecf409057101322322713db4681/4ce9f/keelo.jpg]
[madappgang.com/static/362b7c9e36a85a6222f9a76d034a3b51/68bfa/tabata-timer.png]
[madappgang.com/uploads/how-to-create-your-own-hiit-workout-app-title.png]
[madappgang.com/blog/how-to-create-your-own-hiit-workout-app/index.html]
[madappgang.com/static/13702f27394d70d4634eb0be06363918/970b7/lenny.png]
[madappgang.com/page-data/blog/fitness-gamification-examples-make-your-app-fun-and-engaging/page-data.json]
[madappgang.com/uploads/fitness-gamification-title.png]
[madappgang.com/static/e94670b03f8637cefb5fb8daf862f54c/6408d/walk-story.png]
[madappgang.com/static/2748ec6810569c504a4f9f11ee467902/4dacc/fitness-gamification-1.png]
[madappgang.com/static/732d35df12ef70a3dbd50b81c9d1242f/c2c1d/apple-health-badges-source-macroumors.jpg]
[madappgang.com/static/5b66c8006f9d3922822dfc78eeec0372/211fd/fitbitbadges_blog_hero-1.jpg]
[madappgang.com/static/8ed1a2f120f7b138eada3be2d75fb886/c2c1d/fitbit-challenges_blogpost.jpg]
[madappgang.com/static/855c5915427276197b9954508cd5172e/c2c1d/fitrockr.jpg]
[madappgang.com/static/4b5d64c17e2c30f99e869ac1a4057106/c93d3/carrot.jpg]
[madappgang.com/static/10ea5fba925eba60f6b764f204f803f8/4dacc/fitness-gamification-slap.png]
[madappgang.com/static/024dfbbf102ae9bcda28d5ae1ef87d22/31daa/lenny-maugan.jpg]
[madappgang.com/static/27ce412881c53c0db43f8a91c28e3be3/1afb2/fitrpg.jpg]
[madappgang.com/static/b5fdca3daeb33b1d3c5ed6b7be379561/c2c1d/fitfreeway-source-newatlas.jpg]
[madappgang.com/blog/fitness-gamification-examples-make-your-app-fun-and-engaging/index.html]
[madappgang.com/page-data/blog/the-apple-watch-app-store-is-coming-is-it-worth-building-a-smartwatch-app-now/page-data.json]
[madappgang.com/static/2aefb63f96abe2b53fafa219537acd6b/4dacc/apple-watch-app-store-4.png]
[madappgang.com/uploads/apple-watch-app-store-title.png]
[madappgang.com/static/3a420af4c9dc41a03bb3b3a6ddb54c86/b836c/apple-watch-app-store-2.png]
[madappgang.com/blog/the-apple-watch-app-store-is-coming-is-it-worth-building-a-smartwatch-app-now/index.html]
[madappgang.com/page-data/blog/the-best-wear-os-apps-in-2019/page-data.json]
[madappgang.com/static/234995e5ebd543f278837d31cc2b1790/4dacc/ghostracer_screen.png]
[madappgang.com/static/602e71aa35188f2dbc4824a64eb200d4/c1973/nike-source-play-store.png]
[madappgang.com/static/7bc970435de301c0abef2250ecf259ae/adbe9/android-wear1.png]
[madappgang.com/static/47adcea5ab65d8833b1d597435df780c/4dacc/any.do-wear-os.png]
[madappgang.com/static/a5210d8c7694948057fc620243c8af3a/c2c1d/wear-casts-source-wearable.jpg]
[madappgang.com/static/e3dfc48d80d78237f1c18806e06264f1/c2c1d/telegram-wear.jpg]
[madappgang.com/uploads/best-wear-os-apps-in-2019-title.png]
[madappgang.com/static/4b19b523a188d8141d7beb80f8833f9d/211fd/ifttt.-source-the-next-web.jpg]
[madappgang.com/static/63ba822aad07d4ae998cbe8fe327934e/4dacc/10_citymapper_android-wear.png]
[madappgang.com/static/5fd62f3a540e53a74f4d561a52956763/c2c1d/stocard-source-medium.jpg]
[madappgang.com/static/66400625f21b90ea052e96ca47ae51f8/4dacc/best-wear-os-apps-in-2019-1.png]
[madappgang.com/blog/the-best-wear-os-apps-in-2019/index.html]
[madappgang.com/page-data/blog/how-to-build-a-fitness-app/page-data.json]
[madappgang.com/static/a1aec35f5c249f1e51a7447e652a0e31/4dacc/how-to-build-a-fitness-app-1.png]
[madappgang.com/static/f5d99f531fdd871c12fc9ed35bee0a7c/c2c1d/eating-protein-snack-on-public-sports-ground-3m8gcds.jpg]
[madappgang.com/static/a6fb8a1a6d7e2be6be3b0688efb6984a/c2c1d/shopping-list-recipe-book-diet-plan-grocering-thgcarl.jpg]
[madappgang.com/static/ac1d9426e3c91ef9cd49b201e5ffe14a/c2c1d/fitness-sport-training-and-healthy-lifestyle-r4c9sfm.jpg]
[madappgang.com/uploads/how-to-build-a-fitness-app-title.png]
[madappgang.com/blog/how-to-build-a-fitness-app/index.html]
[madappgang.com/page-data/blog/the-latest-trends-in-healthcare-mobile-apps/page-data.json]
[madappgang.com/static/3aaf56ee65ab5e4553b01483a3cc2e46/4dacc/5_securemyhealth.png]
[madappgang.com/static/f140ab42fb08730be1079bccc393a89a/4dacc/the-latest-trends-in-healthcare-mobile-apps-1.png]
[madappgang.com/static/c001683e8a67a6c73929edb1799bba02/c2c1d/measuring-blood-pressure-using-smart-phone-to-pvn7jy3.jpg]
[madappgang.com/uploads/the-latest-trends-in-healthcare-mobile-apps-title.png]
[madappgang.com/static/1e22906ac9dbb30243945b31e7c11d30/c2c1d/modern-technology-in-healthcare-and-medicine-pq96y28.jpg]
[madappgang.com/blog/the-latest-trends-in-healthcare-mobile-apps/index.html]
[madappgang.com/page-data/blog/the-best-health-and-wellness-app-developers-and-their-market-strategies/page-data.json]
[madappgang.com/static/bd147fb8e50711d973d6bd0e92b83b8b/4dacc/the-best-health-and-fitness-app-developers-1.png]
[madappgang.com/static/8a49c580ad8925f7271089f7844bc212/c2c1d/woman-looking-at-smart-watch-after-outdoor-gnx9b8w.jpg]
[madappgang.com/static/3e880cb343fb8d4c1bd698af145b70ee/c2c1d/meditating-woman-with-laptop-pu6c2aw.jpg]
[madappgang.com/uploads/the-best-health-and-fitness-app-developers-title.png]
[madappgang.com/blog/the-best-health-and-wellness-app-developers-and-their-market-strategies/index.html]
[madappgang.com/page-data/blog/the-best-health-and-fitness-apps-types-and-features/page-data.json]
[madappgang.com/static/fdebc7feb75f5bfff61fdcb71ce94c93/4dacc/the-best-health-and-fitness-apps-1.png]
[madappgang.com/static/d89eb24fb361236b63abfe2eddc3a4c7/92a2a/webp.net-resizeimage.png]
[madappgang.com/static/0b4084dc6d2db9f255ad5b9b418bc817/ef30a/mfp.png]
[madappgang.com/static/f84e03da398968ba1a0f2e8c49d8dd6b/4ce9f/8fit.jpg]
[madappgang.com/static/5de883f7100ba1155a1134723d9f8491/1f057/sworkit.png]
[madappgang.com/static/edefa4e265ff4e67d6a74266da21c99b/ff683/radio.png]
[madappgang.com/static/86c375bc9dd5b336b37884582da84c03/c2c1d/en-training-72dpi.jpg]
[madappgang.com/static/95fe78bd09a529934379499f85fe6720/4ce9f/dog-yoga.jpg]
[madappgang.com/static/336161e631b441704976b5cb156b9a32/13283/waterminder.png]
[madappgang.com/static/d317dd77a9fab6e18cd5deda5e6b70dc/4019e/lifesum-re.png]
[madappgang.com/static/6fe7de91b110c5351e7d7ffcf74919f2/4ce9f/fooducate-android-v0p9-on-nexus-product-small.jpg]
[madappgang.com/static/fdc05efe4afc221435f990b7ba6c2427/4ce9f/eatthismuch.jpg]
[madappgang.com/static/0ee8fbd734140f3c44d134757e8e7590/4ce9f/youate.jpg]
[madappgang.com/static/98b9d54d8cbf564e5fdf38283aa62b38/4dacc/mytherapy_ios_android_en.png]
[madappgang.com/static/a04c1459953cb0ff7de09e72e3f7062f/315fe/medisafe.png]
[madappgang.com/static/27412d4c4087b2360a816f4b5c24b815/4019e/clue.png]
[madappgang.com/static/93137fac7dad30edb410a3cdc0702081/c2c1d/android_front_statistics.jpg]
[madappgang.com/static/7dee6da61c1cb9b3f1cc4b7301e0c5aa/82ede/sleepio-app-ios8.png]
[madappgang.com/uploads/the-best-health-and-fitness-apps-title.png]
[madappgang.com/static/9e6a36bbabf849d56fa7069f64cb3825/315fe/headspace.png]
[madappgang.com/static/2548848516763cd107e06efd5abe0e1c/315fe/calm.png]
[madappgang.com/static/ebf3bde305d9963b218850e2ddc39b67/4ce9f/happify.jpg]
[madappgang.com/static/304c7dad2f7c5fdc24cd28a4b5fa20d1/4ce9f/sanvello.jpg]
[madappgang.com/static/f5a437cb1d3b9b63dab8485b429dd50b/ecbcf/grateful.png]
[madappgang.com/blog/the-best-health-and-fitness-apps-types-and-features/index.html]
[madappgang.com/page-data/blog/the-best-running-apps-for-training-and-fun/page-data.json]
[madappgang.com/static/be32fae70d42aa9ead03944056ad2866/4dacc/the-best-running-app-1.png]
[madappgang.com/static/32fb371704758c136b9b625c4df1c640/4ce9f/300x0w-5.jpg]
[madappgang.com/static/30156d3ba617a9d768b505423eb97d53/4ce9f/300x0w-4.jpg]
[madappgang.com/static/2622b005b80e769b33e34ea1fc605f30/4ce9f/300x0w-3.jpg]
[madappgang.com/static/e1504123f9941fbe41c03ad19b2b491d/4ce9f/300x0w-2.jpg]
[madappgang.com/static/a32a44f94110cc92de7b9ef14ef55e2b/4ce9f/300x0w-6.jpg]
[madappgang.com/static/51e789ac42069da4f67fc33187087fc7/4ce9f/300x0w-7.jpg]
[madappgang.com/static/a42d370797b5d37f8b53c57a8caffc1d/4ce9f/300x0w-8.jpg]
[madappgang.com/static/7909845d6c75b881a1d99f95a56279e0/4ce9f/300x0w-9.jpg]
[madappgang.com/uploads/the-best-running-app-title.png]
[madappgang.com/static/340f922769448d345735c89b8b911a98/4ce9f/300x0w-10.jpg]
[madappgang.com/static/756f4c242728fa307a6d74040c51c1e3/4ce9f/300x0w-11.jpg]
[madappgang.com/static/11aa337e44470b0aacf5f709aa8bb6e2/4ce9f/300x0w-12.jpg]
[madappgang.com/static/f6eb83a4689b7e145e8a22b540258528/4ce9f/300x0w-13.jpg]
[madappgang.com/blog/the-best-running-apps-for-training-and-fun/index.html]
[madappgang.com/page-data/blog/what-is-geoclustering-how-to-handle-200-000-points-on-the-map/page-data.json]
[madappgang.com/static/fc37f40cf29010cbea9858f66b5ade6b/4dacc/what-is-geoclustering-1.png]
[madappgang.com/uploads/what-is-geoclustering-title.png]
[madappgang.com/blog/what-is-geoclustering-how-to-handle-200-000-points-on-the-map/index.html]
[madappgang.com/page-data/blog/clutch-reviewed-madappgang-as-a-top-wearable-app-developer/page-data.json]
[madappgang.com/uploads/mag.jpg]
[madappgang.com/static/c27602e5b00f9f6afbdabb732e99965f/4dacc/mobile_app_developers_2019.png]
[madappgang.com/uploads/clutch-awards-title.png]
[madappgang.com/blog/clutch-reviewed-madappgang-as-a-top-wearable-app-developer/index.html]
[madappgang.com/page-data/blog/logistics-problems-and-solutions-how-mobile-apps-serve-the-transportation-industry/page-data.json]
[madappgang.com/static/b08e5cca932ca17c3426c6614a942971/4dacc/apps-for-logistics-companies-1.png]
[madappgang.com/static/f02f4f01a045311d62a3f988f2854e8e/4dacc/apps-for-logistics-companies-2.png]
[madappgang.com/uploads/apps-for-logistics-companies-title.png]
[madappgang.com/static/65cf9dc5835262068780676651cac8b9/4dacc/apps-for-logistics-companies-3.png]
[madappgang.com/blog/logistics-problems-and-solutions-how-mobile-apps-serve-the-transportation-industry/index.html]
[madappgang.com/page-data/blog/mobile-application-security-testing-major-threats-and-the-tools-needed-to-overcome-them/page-data.json]
[madappgang.com/uploads/18814547_434514473581487_3083971996480204977_o.jpg]
[madappgang.com/static/9a70165c88fd88787dc532625ad0868b/4dacc/mobile-app-security-testing-1.png]
[madappgang.com/uploads/mobile-app-security-testing-title.png]
[madappgang.com/static/ff2aef82cbfe685f54ff262c45ab75aa/db9e2/mobile-app-security-1.png]
[madappgang.com/static/20d951a2ba90b4293ce7ef3aa8c5eb77/c807a/mobile-app-security-2.png]
[madappgang.com/static/6099082ad4c6725359716a8e6a79d8bc/4dacc/mobile-app-security-3.png]
[madappgang.com/static/fbd696036ae20a0a7d43dc90ef348f60/0e4e4/mobile-app-security-4.png]
[madappgang.com/static/df4374b55f9adf481c0d0617be38e8e5/83aaa/mobile-app-security-5.png]
[madappgang.com/static/5a1be846d593522b4697aa4b8132d378/4dacc/mobile-app-security-6.png]
[madappgang.com/static/62fca4fa691872a7e87cece5b77f3fa5/4dacc/mobile-app-security-7.png]
[madappgang.com/mobile-app-security-testing-demo-98313d5e23348ae4a7fde609ae785930.svg]
[madappgang.com/blog/mobile-application-security-testing-major-threats-and-the-tools-needed-to-overcome-them/index.html]
[madappgang.com/page-data/blog/what-is-automated-mobile-app-testing-and-what-are-the-benefits/page-data.json]
[madappgang.com/static/be54e95e4345241d9e9c0314a91e2df7/4dacc/test-automation-1.png]
[madappgang.com/static/34562189a1c3263c16dbd5fe2dcb27b5/4dacc/test-automation-2.png]
[madappgang.com/uploads/test-automation-title.png]
[madappgang.com/static/2a1a792688bbeb0a5b0621670cc9f0d1/4dacc/test-automation-3.png]
[madappgang.com/blog/what-is-automated-mobile-app-testing-and-what-are-the-benefits/index.html]
[madappgang.com/page-data/blog/how-to-build-your-own-pos-system/page-data.json]
[madappgang.com/static/77c7345d1d686720cb0670c0eda9b7d8/4dacc/how-to-build-your-own-pos-system-1.png]
[madappgang.com/uploads/how-to-build-your-own-pos-system-title.png]
[madappgang.com/static/64b835c4638898630b600bdc53cbf260/4dacc/how-to-build-your-own-pos-system-2.png]
[madappgang.com/static/9805d12585d8de811d14bd969b563c75/4dacc/how-to-build-your-own-pos-system-3.png]
[madappgang.com/blog/how-to-build-your-own-pos-system/index.html]
[madappgang.com/page-data/blog/how-to-build-a-mobile-app-for-restaurant-ordering/page-data.json]
[madappgang.com/static/a98bb02eccc7963741a896cbba53eb04/4dacc/how-to-build-restaurant-ordering-1.png]
[madappgang.com/uploads/how-to-build-restaurant-ordering-title.png]
[madappgang.com/static/5532680bc7de3375198090cf8ee44059/4dacc/how-to-build-restaurant-ordering-3.png]
[madappgang.com/static/d1bdce786c36ac8825570ddd7c8ad6b2/4dacc/how-to-build-restaurant-ordering-2.png]
[madappgang.com/blog/how-to-build-a-mobile-app-for-restaurant-ordering/index.html]
[madappgang.com/page-data/blog/full-guide-to-restaurant-booking-apps/page-data.json]
[madappgang.com/static/3cffd9016307bea850ecb8b4fa42e95e/4dacc/full-guide-on-restaurant-apps-1.png]
[madappgang.com/uploads/full-guide-on-restaurant-apps-title.png]
[madappgang.com/static/f53bd79bbab87e39637875575a0ed5b8/4dacc/full-guide-on-restaurant-apps-5.png]
[madappgang.com/static/52146310cbd2690ae9ea7007c3007ad4/4dacc/full-guide-on-restaurant-apps-2.png]
[madappgang.com/static/f5c9887485217f438b58f86a97d847b1/4dacc/full-guide-on-restaurant-apps-3.png]
[madappgang.com/static/3c444a68fa49dac3b493aba45230e958/4dacc/full-guide-on-restaurant-apps-6.png]
[madappgang.com/static/52e074f48b8ec59e16536d9b90feae29/4dacc/full-guide-on-restaurant-apps-4.png]
[madappgang.com/blog/full-guide-to-restaurant-booking-apps/index.html]
[madappgang.com/page-data/blog/six-reasons-why-you-should-fire-your-mobile-app-development-company/page-data.json]
[madappgang.com/static/d969cf6ce7340a521d76e7cb07b2d05e/c2c1d/fire_mobile_developer_company_1.jpg]
[madappgang.com/uploads/fire_mobile_developer_company_title.jpg]
[madappgang.com/static/0cce8589a5184f785c77bccb3b6c703d/c2c1d/fire_mobile_developer_company_2.jpg]
[madappgang.com/static/0cc3cc7a3d831d3f7ee68e78a98767f1/c2c1d/fire_mobile_developer_company_3.jpg]
[madappgang.com/blog/six-reasons-why-you-should-fire-your-mobile-app-development-company/index.html]
[madappgang.com/page-data/blog/the-size-of-the-mobile-application-development-market-in-australia-and-beyond/page-data.json]
[madappgang.com/uploads/selena.jpg]
[madappgang.com/static/fbaec226bcd0d4af4f4ea6e41a41e618/4dacc/334455.png]
[madappgang.com/static/9e1988bf6852fbd83638f0a507b7d760/4dacc/223344.png]
[madappgang.com/uploads/title-market.jpg]
[madappgang.com/static/5faade40312de334e5fbe40b76503372/c2c1d/1-top.jpg]
[madappgang.com/static/da418579f64ab25640e80338d0e71c4a/c2c1d/2-monetization-models.jpg]
[madappgang.com/static/71892d7812d3345af2073e71d6322392/4dacc/112233.png]
[madappgang.com/static/311b15b9bad73a650323aacaac52c3bb/c2c1d/3-mobile-app-developers-rates.jpg]
[madappgang.com/blog/the-size-of-the-mobile-application-development-market-in-australia-and-beyond/index.html]
[madappgang.com/page-data/blog/10-steps-to-create-mvp-in-6-weeks/page-data.json]
[madappgang.com/static/5ed3c295e4d4b48cc9d10ba958e14ea4/c2c1d/1_the-startup-journey.jpg]
[madappgang.com/uploads/title_mvp.jpg]
[madappgang.com/static/0625014ba9e0aa1c9d721573d52b6569/c2c1d/3_man-vs-robot.jpg]
[madappgang.com/static/cecec7c4fbd429bf20bb4d861cc25a2f/e4247/scrum_book_doing_a_twice_job.jpg]
[madappgang.com/static/c47be2fd2396bcb7447b38b6e675208c/c2c1d/4_conveer.jpg]
[madappgang.com/static/26d27879fa48cda879e729887fa4750e/26cf3/book_cover_how_to_win_friends.jpg]
[madappgang.com/static/83257d1017ef7d74fb611cf9d3cfa1d3/c2c1d/5_team.jpg]
[madappgang.com/blog/10-steps-to-create-mvp-in-6-weeks/index.html]
[madappgang.com/page-data/blog/flutter-1-0-released-the-revolution-in-mobile-development/page-data.json]
[madappgang.com/blog/flutter-1-0-released-the-revolution-in-mobile-development/_https_/github.com/Solido/awesome-flutter_]
[madappgang.com/blog/flutter-1-0-released-the-revolution-in-mobile-development/_https_/pub.dartlang.org/flutter_]
[madappgang.com/static/6c64f434a19d33d85e3625796b261b8d/4dacc/flutter_architecture-2x.png]
[madappgang.com/static/17b55631ee0960db4a9dfd255c86c640/31841/mobile-graphics-the-need-for-open-source-drivers-21-728.jpg]
[madappgang.com/uploads/react_vs_flutter.jpg]
[madappgang.com/static/737e5221037fc342315a0444933b551f/4dacc/cupertiono-widgets-flutter.png]
[madappgang.com/1_u7ftwsfdrf_tuszys0mkzw-1e42b4f1fb0d8873ad3802a1ec2bb4b2.gif]
[madappgang.com/static/abe91078d6d7c86f89c2bb1d06aa0bd3/4dacc/dart_langiage_screenshot.png]
[madappgang.com/static/0a358ec117acb0b4cbcfffd111b20255/4dacc/react-native-vs-flutter-popularity.png]
[madappgang.com/uploads/SmartTest_main_animation_2.qt]
[madappgang.com/blog/flutter-1-0-released-the-revolution-in-mobile-development/index.html]
[madappgang.com/page-data/blog/what-s-the-scope-of-mobile-app-development-in-2018/page-data.json]
[madappgang.com/static/4eb6bb81610c9b3c39786f5470dc780c/4dacc/smartphones-1996-2007.png]
[madappgang.com/static/275c151231a2e11cd07a1937ceeefdfd/4dacc/statistic_id263794_apple-app-store_-number-of-downloads-as-of-june-2015.png]
[madappgang.com/uploads/title.jpg]
[madappgang.com/static/dc3c88205bb0a4ba8fef4443d9573c76/c2c1d/pwa.jpg]
[madappgang.com/static/34252c1161ae048b50f02be56018f2a3/c2c1d/hybrid.jpg]
[madappgang.com/static/e31f3807faa0caa1c4901cff9bbf6d4d/c2c1d/cross.jpg]
[madappgang.com/static/80d80270c665c8a1a55d8a1b4dc9b1bf/c2c1d/native.jpg]
[madappgang.com/blog/what-s-the-scope-of-mobile-app-development-in-2018/index.html]
[madappgang.com/page-data/blog/step-by-step-mobile-app-development-process/page-data.json]
[madappgang.com/static/dcdc8848eb229fc078ee14d09f562d40/4dacc/messaging_app_.png]
[madappgang.com/static/f2c3553aeb7bc8d54e78765ad39650de/4dacc/screen-shot-2018-10-10-at-7.59.47-pm.png]
[madappgang.com/static/8f3f1204bc2f596617911a1f6890808b/4dacc/screen-shot-2018-10-10-at-8.24.57-pm.png]
[madappgang.com/static/bb5c3217fc6276cdc1539f1f0d5423d5/4dacc/screen-shot-2018-10-10-at-8.27.46-pm.png]
[madappgang.com/static/7b6e42b81d53f4586ab219eea55ff4d4/4dacc/screen-shot-2018-10-10-at-8.45.59-pm.png]
[madappgang.com/static/185e09027e400347a5204d91d61988f5/4dacc/screen-shot-2018-10-10-at-8.44.01-pm.png]
[madappgang.com/static/87b871f05359dfb4f8fd679edc135eaa/4dacc/analyticcs.png]
[madappgang.com/blog/step-by-step-mobile-app-development-process/index.html]
[madappgang.com/mobile-app-security-testing-demo-98313d5e23348ae4a7fde609ae785930.svg]
[madappgang.com/blog/flutter-1-0-released-the-revolution-in-mobile-development/_https_/github.com/Solido/awesome-flutter_.html]
[madappgang.com/blog/flutter-1-0-released-the-revolution-in-mobile-development/_https_/pub.dartlang.org/flutter_.html]
